// Jest Snapshot v1, https://goo.gl/fbAQLP

exports[`getSolidDataset returns a SolidDataset representing the fetched Turtle 1`] = `
Object {
  "graphs": Object {
    "default": Object {
      "https://arbitrary.pod/resource": Object {
        "predicates": Object {
          "http://www.w3.org/1999/02/22-rdf-syntax-ns#type": Object {
            "namedNodes": Array [
              "http://xmlns.com/foaf/0.1/PersonalProfileDocument",
            ],
          },
          "http://xmlns.com/foaf/0.1/maker": Object {
            "namedNodes": Array [
              "https://arbitrary.pod/resource#me",
            ],
          },
          "http://xmlns.com/foaf/0.1/primaryTopic": Object {
            "namedNodes": Array [
              "https://arbitrary.pod/resource#me",
            ],
          },
        },
        "type": "Subject",
        "url": "https://arbitrary.pod/resource",
      },
      "https://arbitrary.pod/resource#me": Object {
        "predicates": Object {
          "http://www.w3.org/1999/02/22-rdf-syntax-ns#type": Object {
            "namedNodes": Array [
              "http://xmlns.com/foaf/0.1/Person",
            ],
          },
          "http://www.w3.org/2006/vcard/ns#fn": Object {
            "literals": Object {
              "http://www.w3.org/2001/XMLSchema#string": Array [
                "Vincent",
              ],
            },
          },
        },
        "type": "Subject",
        "url": "https://arbitrary.pod/resource#me",
      },
    },
  },
  "internal_resourceInfo": Object {
    "contentType": "text/turtle",
    "isRawData": false,
    "linkedResources": Object {},
    "sourceIri": "https://arbitrary.pod/resource",
  },
  "type": "Dataset",
}
`;

exports[`getWellKnownSolid returns the contents of .well-known/solid for the given resource 1`] = `
Object {
  "graphs": Object {
    "default": Object {
      "_:b0": Object {
        "predicates": Object {
          "http://inrupt.com/ns/ess#consentIssuer": Object {
            "namedNodes": Array [
              "https://consent.pod.inrupt.com",
            ],
          },
          "http://inrupt.com/ns/ess#notificationGatewayEndpoint": Object {
            "namedNodes": Array [
              "https://notification.pod.inrupt.com",
            ],
          },
          "http://inrupt.com/ns/ess#powerSwitchEndpoint": Object {
            "namedNodes": Array [
              "https://pod.inrupt.com/powerswitch/username",
            ],
          },
          "http://www.w3.org/ns/pim/space#storage": Object {
            "namedNodes": Array [
              "https://pod.inrupt.com/username/",
            ],
          },
        },
        "type": "Subject",
        "url": "_:b0",
      },
    },
  },
  "internal_resourceInfo": Object {
    "contentType": "application/ld+json",
    "isRawData": false,
    "linkedResources": Object {},
    "sourceIri": "https://some.pod/resource",
  },
  "type": "Dataset",
}
`;
